Analyzing pab...

warning - lib\features\home\presentation\screens\home_screen.dart:2:8 - Unused import: 'package:flutter_svg/flutter_svg.dart'. Try removing the import directive. - unused_import
warning - lib\features\home\presentation\screens\main_layout_screen.dart:7:8 - Unused import: '../../../../core/constants/svg_assets.dart'. Try removing the import directive. - unused_import
warning - lib\features\order\presentation\screens\checkout_screen.dart:4:8 - Duplicate import. Try removing all but one import of the library. - duplicate_import
warning - lib\features\product\presentation\widgets\product_action_bottom_sheet.dart:4:8 - Duplicate import. Try removing all but one import of the library. - duplicate_import
warning - lib\shared\widgets\custom_text_field.dart:3:8 - Duplicate import. Try removing all but one import of the library. - duplicate_import
warning - lib\shared\widgets\social_button.dart:3:8 - Duplicate import. Try removing all but one import of the library. - duplicate_import
   info - extract_logo.dart:7:5 - Don't invoke 'print' in production code. Try using a logging framework. - avoid_print
   info - extract_logo.dart:14:3 - Don't invoke 'print' in production code. Try using a logging framework. - avoid_print
   info - lib\features\order\presentation\screens\checkout_screen.dart:67:11 - Use the null-aware marker '?' rather than a null check via an 'if'. Try using '?'. - use_null_aware_elements
   info - lib\shared\widgets\logo_widget.dart:12:9 - Parameter 'key' could be a super parameter. Trying converting 'key' to a super parameter. - use_super_parameters

10 issues found.
